#
# A fatal error has been detected by the Java Runtime Environment:
#
#  EXCEPTION_ACCESS_VIOLATION (0xc0000005) at pc=0x00007fff8989faa7, pid=16988, tid=17816
#
# JRE version: OpenJDK Runtime Environment Temurin-21.0.11+10 (21.0.11+10) (build 21.0.11+10-LTS)
# Java VM: OpenJDK 64-Bit Server VM Temurin-21.0.11+10 (21.0.11+10-LTS, mixed mode, sharing, tiered, compressed oops, compressed class ptrs, parallel gc, windows-amd64)
# Problematic frame:
# V  [jvm.dll+0xfaa7]
#
# No core dump will be written. Minidumps are not enabled by default on client versions of Windows
#
# If you would like to submit a bug report, please visit:
#   https://github.com/adoptium/adoptium-support/issues
#

---------------  S U M M A R Y ------------

Command Line: --add-modules=ALL-SYSTEM --add-opens=java.base/java.util=ALL-UNNAMED --add-opens=java.base/java.lang=ALL-UNNAMED --add-opens=java.base/sun.nio.fs=ALL-UNNAMED -Declipse.application=org.eclipse.jdt.ls.core.id1 -Dosgi.bundles.defaultStartLevel=4 -Declipse.product=org.eclipse.jdt.ls.core.product -Djava.import.generatesMetadataFilesAtProjectRoot=false -DDetectVMInstallationsJob.disabled=true -Dfile.encoding=utf8 -XX:+UseParallelGC -XX:GCTimeRatio=4 -XX:AdaptiveSizePolicyWeight=90 -Dsun.zip.disableMemoryMapping=true -Xmx2G -Xms100m -Xlog:disable -javaagent:c:\Users\Ashish\.vscode\extensions\redhat.java-1.55.0-win32-x64\lombok\lombok-1.18.39-4050.jar -XX:+HeapDumpOnOutOfMemoryError -XX:HeapDumpPath=c:\Users\Ashish\AppData\Roaming\Code\User\workspaceStorage\ebd440f8c56925e274bdb162eb3e33de\redhat.java -Daether.dependencyCollector.impl=bf c:\Users\Ashish\.vscode\extensions\redhat.java-1.55.0-win32-x64\server\plugins\org.eclipse.equinox.launcher_1.7.200.v20260619-2039.jar -configuration c:\Users\Ashish\AppData\Roaming\Code\User\globalStorage\redhat.java\1.55.0\config_win -data c:\Users\Ashish\AppData\Roaming\Code\User\workspaceStorage\ebd440f8c56925e274bdb162eb3e33de\redhat.java\jdt_ws --pipe=\\.\pipe\lsp-8c0757d50aa2ab5ed662c748cec40af0-sock

Host: 12th Gen Intel(R) Core(TM) i5-12450H, 12 cores, 15G,  Windows 11 , 64 bit Build 26100 (10.0.26100.8875)
Time: Thu Aug  6 14:55:06 2026 India Standard Time elapsed time: 1954.288352 seconds (0d 0h 32m 34s)

---------------  T H R E A D  ---------------

Current thread (0x0000014a04021ae0):  JavaThread "C2 CompilerThread0" daemon [_thread_in_native, id=17816, stack(0x00000048b6300000,0x00000048b6400000) (1024K)]


Current CompileTask:
C2:1954288 23720       4       org.eclipse.jdt.ls.core.internal.JDTUtils::toLocation (273 bytes)

Stack: [0x00000048b6300000,0x00000048b6400000],  sp=0x00000048b63fd118,  free space=1012k
Native frames: (J=compiled Java code, j=interpreted, Vv=VM code, C=native code)
V  [jvm.dll+0xfaa7]


siginfo: EXCEPTION_ACCESS_VIOLATION (0xc0000005), reading address 0xffffffffffffffff


Registers:
RAX=0x0000014a041ef7e8, RBX=0x0000014a06623920, RCX=0x8000014a041ef800, RDX=0x0000000000000094
RSP=0x00000048b63fd118, RBP=0x00000048b63fd630, RSI=0x0000014a041ef7a0, RDI=0xffffffffffffffff
R8 =0x00000000ffffffff, R9 =0x0000000000000001, R10=0x000000000000000a, R11=0x3333333333333333
R12=0x0000000000000001, R13=0x0000000000000001, R14=0x0000014a08abe6b0, R15=0x0000014a07387690
RIP=0x00007fff8989faa7, EFLAGS=0x0000000000010202

XMM[0]=0x0000000000000000 0x3f6d5e0406376005
XMM[1]=0x0000000000000000 0x0000000000000000
XMM[2]=0x0000000000000000 0x0000000000000000
XMM[3]=0x0000000000000000 0x0000000000000000
XMM[4]=0x0000000000000000 0x0000000000000000
XMM[5]=0x0000000000000000 0x0000000000000000
XMM[6]=0x0000000000000000 0x408f400000000000
XMM[7]=0x0000000000000000 0x0000000000000000
XMM[8]=0x0000000000000000 0x0000000000000000
XMM[9]=0x0000000000000000 0x0000000000000000
XMM[10]=0x0000000000000000 0x0000000000000000
XMM[11]=0x0000000000000000 0x0000000000000000
XMM[12]=0x0000000000000000 0x0000000000000000
XMM[13]=0x0000000000000000 0x0000000000000000
XMM[14]=0x0000000000000000 0x0000000000000000
XMM[15]=0x0000000000000000 0x0000000000000000
  MXCSR=0x00001fb2


Register to memory mapping:

RAX=0x0000014a041ef7e8 points into unknown readable memory: 0x8000014a041ef800 | 00 f8 1e 04 4a 01 00 80
RBX=0x0000014a06623920 points into unknown readable memory: 0x0000000000000000 | 00 00 00 00 00 00 00 00
RCX=0x8000014a041ef800 is an unknown value
RDX=0x0000000000000094 is an unknown value
RSP=0x00000048b63fd118 is pointing into the stack for thread: 0x0000014a04021ae0
RBP=0x00000048b63fd630 is pointing into the stack for thread: 0x0000014a04021ae0
RSI=0x0000014a041ef7a0 points into unknown readable memory: 0x00007fff8a23cf60 | 60 cf 23 8a ff 7f 00 00
RDI=0xffffffffffffffff is an unknown value
R8 =0x00000000ffffffff is an unallocated location in the heap
R9 =0x0000000000000001 is an unknown value
R10=0x000000000000000a is an unknown value
R11=0x3333333333333333 is an unknown value
R12=0x0000000000000001 is an unknown value
R13=0x0000000000000001 is an unknown value
R14=0x0000014a08abe6b0 points into unknown readable memory: 0x000300030ffffcff | ff fc ff 0f 03 00 03 00
R15=0x0000014a07387690 points into unknown readable memory: 0x00007fff8a288ae0 | e0 8a 28 8a ff 7f 00 00

Top of Stack: (sp=0x00000048b63fd118)
0x00000048b63fd118:   00007fff89a764ad 0000000000000004   .d..............
0x00000048b63fd128:   0000014a08fa3690 00000048b63fd630   .6..J...0.?.H...
0x00000048b63fd138:   00000048b63fd630 0000003a00000003   0.?.H.......:...
0x00000048b63fd148:   0000000000000002 0000014a07387690   .........v8.J...
0x00000048b63fd158:   0000000000000000 0000000000000000   ................
0x00000048b63fd168:   0000000000000000 0000000000000001   ................
0x00000048b63fd178:   0000014a0818cd40 00000048b63fd710   @...J.....?.H...
0x00000048b63fd188:   0000014a0818cd50 0000000000000000   P...J...........
0x00000048b63fd198:   00000048b63feae0 00000048b63fd640   ..?.H...@.?.H...
0x00000048b63fd1a8:   00000048b63fd2c0 00000048b63fd630   ..?.H...0.?.H...
0x00000048b63fd1b8:   00007fff89a74153 00000048b63fd630   SA......0.?.H...
0x00000048b63fd1c8:   00000048b63fd601 00000048b63fd201   ..?.H.....?.H...
0x00000048b63fd1d8:   00000000ffffffff 0000014a00000000   ............J...
0x00000048b63fd1e8:   0000000000000000 0000000000000007   ................
0x00000048b63fd1f8:   0000014a0818cd40 0000014a0661d350   @...J...P.a.J...
0x00000048b63fd208:   0000014a06656510 0000014a06656510   .ee.J....ee.J...
0x00000048b63fd218:   000000000006d428 0000014a0818cd40   (.......@...J...
0x00000048b63fd228:   0000000000000000 0000000000000000   ................
0x00000048b63fd238:   0000000000000000 0000000000000010   ................
0x00000048b63fd248:   0000000000004500 0000000000007fd8   .E..............
0x00000048b63fd258:   00007fff8a29d2a0 0000000000000000   ..).............
0x00000048b63fd268:   0000000000000000 0000000000000000   ................
0x00000048b63fd278:   00007fff8a29d2a0 0000000000007f00   ..).............
0x00000048b63fd288:   00007fff899567ce 00007fff0000000c   .g..............
0x00000048b63fd298:   00000048b63feae0 0000014a124394f0   ..?.H.....C.J...
0x00000048b63fd2a8:   0000014a04015800 0000014a0661d360   .X..J...`.a.J...
0x00000048b63fd2b8:   0000014a00000531 00000048b63fd1f0   1...J.....?.H...
0x00000048b63fd2c8:   0000014a0818cd50 00007fff8a29d270   P...J...p.).....
0x00000048b63fd2d8:   000000000000000d 00000048b63feae0   ..........?.H...
0x00000048b63fd2e8:   00000048b63fd630 0000014a000008e6   0.?.H.......J...
0x00000048b63fd2f8:   00007fff8a12ea88 0000014a0000000a   ............J...
0x00000048b63fd308:   00000048b63feae0 0000014a06e5c900   ..?.H.......J...

Instructions: (pc=0x00007fff8989faa7)
0x00007fff8989f9a7:   0d 64 41 96 00 e8 cf 4a 27 00 cc 66 90 67 f9 00
0x00007fff8989f9b7:   00 96 f9 00 00 8c f9 00 00 6e f9 00 00 78 f9 00
0x00007fff8989f9c7:   00 82 f9 00 00 a0 f9 00 00 00 01 06 02 03 04 06
0x00007fff8989f9d7:   05 06 06 06 06 06 06 06 06 06 01 06 02 06 04 06
0x00007fff8989f9e7:   05 cc cc cc cc cc cc cc cc 48 83 ec 28 83 f9 07
0x00007fff8989f9f7:   77 4f 48 63 c1 48 8d 15 fd 05 ff ff 8b 8c 82 5c
0x00007fff8989fa07:   fa 00 00 48 03 ca ff e1 33 c0 48 83 c4 28 c3 b8
0x00007fff8989fa17:   04 00 00 00 48 83 c4 28 c3 b8 12 00 00 00 48 83
0x00007fff8989fa27:   c4 28 c3 b8 1d 00 00 00 48 83 c4 28 c3 b8 11 00
0x00007fff8989fa37:   00 00 48 83 c4 28 c3 b8 1e 00 00 00 48 83 c4 28
0x00007fff8989fa47:   c3 ba e4 0a 00 00 48 8d 0d bc 40 96 00 e8 27 4a
0x00007fff8989fa57:   27 00 cc 66 90 0f fa 00 00 3e fa 00 00 48 fa 00
0x00007fff8989fa67:   00 34 fa 00 00 16 fa 00 00 20 fa 00 00 48 fa 00
0x00007fff8989fa77:   00 2a fa 00 00 cc cc cc cc 48 8b 49 40 48 85 c9
0x00007fff8989fa87:   75 08 48 8b 05 98 37 cd 00 c3 48 8b 09 48 8b 01
0x00007fff8989fa97:   48 ff a0 d8 00 00 00 cc cc 48 8b 41 40 48 8b 08
0x00007fff8989faa7:   48 8b 01 48 ff a0 d8 00 00 00 cc cc cc cc cc cc
0x00007fff8989fab7:   cc cc cc cc cc cc cc cc cc 48 8b 41 48 c3 cc cc
0x00007fff8989fac7:   cc cc cc cc cc cc cc cc cc 48 8b 05 21 3a cd 00
0x00007fff8989fad7:   c3 cc cc cc cc cc cc cc cc b8 1e 00 00 00 c3 cc
0x00007fff8989fae7:   cc cc cc cc cc cc cc cc cc 8b c2 4c 8d 05 07 05
0x00007fff8989faf7:   ff ff 48 8d 14 85 00 00 00 00 42 0f b7 84 02 18
0x00007fff8989fb07:   3c 97 00 66 89 01 42 0f b7 84 02 f8 3b 97 00 66
0x00007fff8989fb17:   89 41 02 48 8b c1 c3 cc cc b8 ff ff ff ff c3 cc
0x00007fff8989fb27:   cc cc cc cc cc cc cc cc cc 48 89 5c 24 08 48 89
0x00007fff8989fb37:   6c 24 10 48 89 74 24 18 57 48 83 ec 20 48 8b f1
0x00007fff8989fb47:   48 63 ea b9 58 00 00 00 e8 6c fa ff ff 48 8b d8
0x00007fff8989fb57:   48 85 c0 74 32 33 d2 48 8b c8 e8 da 15 6a 00 83
0x00007fff8989fb67:   4b 30 24 48 8d 05 27 0b 96 00 b9 02 00 00 00 48
0x00007fff8989fb77:   89 03 48 8d 43 48 c6 43 38 00 48 89 43 40 89 4b
0x00007fff8989fb87:   2c 66 89 4b 3a eb 02 33 db 48 8b d3 48 8b ce e8
0x00007fff8989fb97:   e5 b5 05 00 b9 10 00 00 00 e8 1b fa ff ff 48 8b


Stack slot to memory mapping:

stack at sp + 0 slots: 0x00007fff89a764ad jvm.dll
stack at sp + 1 slots: 0x0000000000000004 is an unknown value
stack at sp + 2 slots: 0x0000014a08fa3690 points into unknown readable memory: 0x00007fff8a20b460 | 60 b4 20 8a ff 7f 00 00
stack at sp + 3 slots: 0x00000048b63fd630 is pointing into the stack for thread: 0x0000014a04021ae0
stack at sp + 4 slots: 0x00000048b63fd630 is pointing into the stack for thread: 0x0000014a04021ae0
stack at sp + 5 slots: 0x0000003a00000003 is an unknown value
stack at sp + 6 slots: 0x0000000000000002 is an unknown value
stack at sp + 7 slots: 0x0000014a07387690 points into unknown readable memory: 0x00007fff8a288ae0 | e0 8a 28 8a ff 7f 00 00


---------------  P R O C E S S  ---------------

Threads class SMR info:
_java_thread_list=0x0000014a09fb6df0, length=62, elements={
0x0000014a21edb300, 0x0000014a040144b0, 0x0000014a21e8e000, 0x0000014a04017d60,
0x0000014a04018b20, 0x0000014a0401d560, 0x0000014a04021140, 0x0000014a04021ae0,
0x0000014a04051830, 0x0000014a04320b40, 0x0000014a043b52a0, 0x0000014a04d97d90,
0x0000014a04c978d0, 0x0000014a05186f10, 0x0000014a05187980, 0x0000014a057a7840,
0x0000014a05598510, 0x0000014a04b80ff0, 0x0000014a047f5c60, 0x0000014a058c3870,
0x0000014a058c2b50, 0x0000014a058c4c20, 0x0000014a058c24c0, 0x0000014a058c3f00,
0x0000014a058c4590, 0x0000014a058c52b0, 0x0000014a058c1e30, 0x0000014a058c5940,
0x0000014a058c8730, 0x0000014a058c80a0, 0x0000014a058c5fd0, 0x0000014a058c6660,
0x0000014a058c6cf0, 0x0000014a058c7380, 0x0000014a060d9650, 0x0000014a060daa00,
0x0000014a060da370, 0x0000014a060db720, 0x0000014a060db090, 0x0000014a060dbdb0,
0x0000014a060dc440, 0x0000014a060d9ce0, 0x0000014a060d8fc0, 0x0000014a060deba0,
0x0000014a060dcad0, 0x0000014a060df230, 0x0000014a060e05e0, 0x0000014a060dd160,
0x0000014a060dde80, 0x0000014a060de510, 0x0000014a08fe87d0, 0x0000014a08fe6070,
0x0000014a08fe9b80, 0x0000014a08fec970, 0x0000014a08fe94f0, 0x0000014a08fed000,
0x0000014a05270df0, 0x0000014a08feaf30, 0x0000014a08febc50, 0x0000014a08fec2e0,
0x0000014a06597890, 0x0000014a06595e50
}

Java Threads: ( => current thread )
  0x0000014a21edb300 JavaThread "main"                              [_thread_blocked, id=7324, stack(0x00000048b5900000,0x00000048b5a00000) (1024K)]
  0x0000014a040144b0 JavaThread "Reference Handler"          daemon [_thread_blocked, id=13816, stack(0x00000048b5d00000,0x00000048b5e00000) (1024K)]
  0x0000014a21e8e000 JavaThread "Finalizer"                  daemon [_thread_blocked, id=18032, stack(0x00000048b5e00000,0x00000048b5f00000) (1024K)]
  0x0000014a04017d60 JavaThread "Signal Dispatcher"          daemon [_thread_blocked, id=5440, stack(0x00000048b5f00000,0x00000048b6000000) (1024K)]
  0x0000014a04018b20 JavaThread "Attach Listener"            daemon [_thread_blocked, id=10748, stack(0x00000048b6000000,0x00000048b6100000) (1024K)]
  0x0000014a0401d560 JavaThread "Service Thread"             daemon [_thread_blocked, id=20724, stack(0x00000048b6100000,0x00000048b6200000) (1024K)]
  0x0000014a04021140 JavaThread "Monitor Deflation Thread"   daemon [_thread_blocked, id=8800, stack(0x00000048b6200000,0x00000048b6300000) (1024K)]
=>0x0000014a04021ae0 JavaThread "C2 CompilerThread0"         daemon [_thread_in_native, id=17816, stack(0x00000048b6300000,0x00000048b6400000) (1024K)]
  0x0000014a04051830 JavaThread "C1 CompilerThread0"         daemon [_thread_blocked, id=19784, stack(0x00000048b6400000,0x00000048b6500000) (1024K)]
  0x0000014a04320b40 JavaThread "Common-Cleaner"             daemon [_thread_blocked, id=15200, stack(0x00000048b6600000,0x00000048b6700000) (1024K)]
  0x0000014a043b52a0 JavaThread "Notification Thread"        daemon [_thread_blocked, id=20784, stack(0x00000048b6700000,0x00000048b6800000) (1024K)]
  0x0000014a04d97d90 JavaThread "Active Thread: Equinox Container: 4768187a-4ee2-42a6-a824-73f386158435"        [_thread_blocked, id=17020, stack(0x00000048b6f00000,0x00000048b7000000) (1024K)]
  0x0000014a04c978d0 JavaThread "Refresh Thread: Equinox Container: 4768187a-4ee2-42a6-a824-73f386158435" daemon [_thread_blocked, id=14388, stack(0x00000048b7100000,0x00000048b7200000) (1024K)]
  0x0000014a05186f10 JavaThread "Framework Event Dispatcher: Equinox Container: 4768187a-4ee2-42a6-a824-73f386158435" daemon [_thread_blocked, id=8700, stack(0x00000048b7200000,0x00000048b7300000) (1024K)]
  0x0000014a05187980 JavaThread "Start Level: Equinox Container: 4768187a-4ee2-42a6-a824-73f386158435" daemon [_thread_blocked, id=6560, stack(0x00000048b7300000,0x00000048b7400000) (1024K)]
  0x0000014a057a7840 JavaThread "Bundle File Closer"         daemon [_thread_blocked, id=8668, stack(0x00000048b7600000,0x00000048b7700000) (1024K)]
  0x0000014a05598510 JavaThread "SCR Component Actor"        daemon [_thread_blocked, id=4332, stack(0x00000048b6500000,0x00000048b6600000) (1024K)]
  0x0000014a04b80ff0 JavaThread "Worker-JM"                         [_thread_blocked, id=3096, stack(0x00000048b6800000,0x00000048b6900000) (1024K)]
  0x0000014a047f5c60 JavaThread "JNA Cleaner"                daemon [_thread_blocked, id=18928, stack(0x00000048b7700000,0x00000048b7800000) (1024K)]
  0x0000014a058c3870 JavaThread "Java indexing"              daemon [_thread_blocked, id=2408, stack(0x00000048b7b00000,0x00000048b7c00000) (1024K)]
  0x0000014a058c2b50 JavaThread "Thread-1"                   daemon [_thread_in_native, id=10864, stack(0x00000048b8200000,0x00000048b8300000) (1024K)]
  0x0000014a058c4c20 JavaThread "Thread-2"                   daemon [_thread_in_native, id=4036, stack(0x00000048b8300000,0x00000048b8400000) (1024K)]
  0x0000014a058c24c0 JavaThread "Thread-3"                   daemon [_thread_in_native, id=11908, stack(0x00000048b8400000,0x00000048b8500000) (1024K)]
  0x0000014a058c3f00 JavaThread "Thread-4"                   daemon [_thread_in_native, id=1972, stack(0x00000048b8500000,0x00000048b8600000) (1024K)]
  0x0000014a058c4590 JavaThread "Thread-5"                   daemon [_thread_in_native, id=18804, stack(0x00000048b8600000,0x00000048b8700000) (1024K)]
  0x0000014a058c52b0 JavaThread "Thread-6"                   daemon [_thread_in_native, id=4024, stack(0x00000048b8700000,0x00000048b8800000) (1024K)]
  0x0000014a058c1e30 JavaThread "Thread-7"                   daemon [_thread_in_native, id=5112, stack(0x00000048b8800000,0x00000048b8900000) (1024K)]
  0x0000014a058c5940 JavaThread "Thread-8"                   daemon [_thread_in_native, id=9728, stack(0x00000048b8900000,0x00000048b8a00000) (1024K)]
  0x0000014a058c8730 JavaThread "Thread-9"                   daemon [_thread_in_native, id=18608, stack(0x00000048b8a00000,0x00000048b8b00000) (1024K)]
  0x0000014a058c80a0 JavaThread "Thread-10"                  daemon [_thread_in_native, id=14820, stack(0x00000048b8b00000,0x00000048b8c00000) (1024K)]
  0x0000014a058c5fd0 JavaThread "Thread-11"                  daemon [_thread_in_native, id=10440, stack(0x00000048b8c00000,0x00000048b8d00000) (1024K)]
  0x0000014a058c6660 JavaThread "Thread-12"                  daemon [_thread_in_native, id=6372, stack(0x00000048b8d00000,0x00000048b8e00000) (1024K)]
  0x0000014a058c6cf0 JavaThread "Thread-13"                  daemon [_thread_in_native, id=12916, stack(0x00000048b8e00000,0x00000048b8f00000) (1024K)]
  0x0000014a058c7380 JavaThread "pool-2-thread-1"                   [_thread_blocked, id=17876, stack(0x00000048b8f00000,0x00000048b9000000) (1024K)]
  0x0000014a060d9650 JavaThread "PatternSearchJob-worker-1"  daemon [_thread_blocked, id=18200, stack(0x00000048b9000000,0x00000048b9100000) (1024K)]
  0x0000014a060daa00 JavaThread "PatternSearchJob-worker-2"  daemon [_thread_blocked, id=19224, stack(0x00000048b9100000,0x00000048b9200000) (1024K)]
  0x0000014a060da370 JavaThread "PatternSearchJob-worker-3"  daemon [_thread_blocked, id=14508, stack(0x00000048b9200000,0x00000048b9300000) (1024K)]
  0x0000014a060db720 JavaThread "PatternSearchJob-worker-4"  daemon [_thread_blocked, id=14064, stack(0x00000048b9300000,0x00000048b9400000) (1024K)]
  0x0000014a060db090 JavaThread "PatternSearchJob-worker-5"  daemon [_thread_blocked, id=8472, stack(0x00000048b9400000,0x00000048b9500000) (1024K)]
  0x0000014a060dbdb0 JavaThread "PatternSearchJob-worker-6"  daemon [_thread_blocked, id=1956, stack(0x00000048b9500000,0x00000048b9600000) (1024K)]
  0x0000014a060dc440 JavaThread "PatternSearchJob-worker-7"  daemon [_thread_blocked, id=18844, stack(0x00000048b9600000,0x00000048b9700000) (1024K)]
  0x0000014a060d9ce0 JavaThread "PatternSearchJob-worker-8"  daemon [_thread_blocked, id=5696, stack(0x00000048b9700000,0x00000048b9800000) (1024K)]
  0x0000014a060d8fc0 JavaThread "WorkspaceEventsHandler"            [_thread_blocked, id=1556, stack(0x00000048b9800000,0x00000048b9900000) (1024K)]
  0x0000014a060deba0 JavaThread "pool-1-thread-1"                   [_thread_blocked, id=2936, stack(0x00000048b9900000,0x00000048b9a00000) (1024K)]
  0x0000014a060dcad0 JavaThread "ForkJoinPool.commonPool-worker-1" daemon [_thread_blocked, id=20176, stack(0x00000048b9a00000,0x00000048b9b00000) (1024K)]
  0x0000014a060df230 JavaThread "ForkJoinPool.commonPool-worker-2" daemon [_thread_blocked, id=15352, stack(0x00000048b9b00000,0x00000048b9c00000) (1024K)]
  0x0000014a060e05e0 JavaThread "ForkJoinPool.commonPool-worker-3" daemon [_thread_blocked, id=6792, stack(0x00000048b9c00000,0x00000048b9d00000) (1024K)]
  0x0000014a060dd160 JavaThread "ForkJoinPool.commonPool-worker-4" daemon [_thread_blocked, id=20332, stack(0x00000048b9d00000,0x00000048b9e00000) (1024K)]
  0x0000014a060dde80 JavaThread "ForkJoinPool.commonPool-worker-6" daemon [_thread_blocked, id=13160, stack(0x00000048b9f00000,0x00000048ba000000) (1024K)]
  0x0000014a060de510 JavaThread "ForkJoinPool.commonPool-worker-7" daemon [_thread_blocked, id=3172, stack(0x00000048ba000000,0x00000048ba100000) (1024K)]
  0x0000014a08fe87d0 JavaThread "ForkJoinPool.commonPool-worker-8" daemon [_thread_blocked, id=10592, stack(0x00000048ba100000,0x00000048ba200000) (1024K)]
  0x0000014a08fe6070 JavaThread "Cleaner-0"                  daemon [_thread_blocked, id=14000, stack(0x00000048ba500000,0x00000048ba600000) (1024K)]
  0x0000014a08fe9b80 JavaThread "PatternSearchJob-worker-9"  daemon [_thread_blocked, id=11380, stack(0x00000048ba600000,0x00000048ba700000) (1024K)]
  0x0000014a08fec970 JavaThread "Java Debug Server"          daemon [_thread_in_native, id=6036, stack(0x00000048ba400000,0x00000048ba500000) (1024K)]
  0x0000014a08fe94f0 JavaThread "RxSchedulerPurge-1"         daemon [_thread_blocked, id=19236, stack(0x00000048ba800000,0x00000048ba900000) (1024K)]
  0x0000014a08fed000 JavaThread "RxCachedWorkerPoolEvictor-1" daemon [_thread_blocked, id=13644, stack(0x00000048b5700000,0x00000048b5800000) (1024K)]
  0x0000014a05270df0 JavaThread "PatternSearchJob-worker-10" daemon [_thread_blocked, id=6468, stack(0x00000048b7c00000,0x00000048b7d00000) (1024K)]
  0x0000014a08feaf30 JavaThread "Worker-8"                          [_thread_blocked, id=7932, stack(0x00000048b5600000,0x00000048b5700000) (1024K)]
  0x0000014a08febc50 JavaThread "Worker-9"                          [_thread_blocked, id=9808, stack(0x00000048b7900000,0x00000048b7a00000) (1024K)]
  0x0000014a08fec2e0 JavaThread "PatternSearchJob-worker-11" daemon [_thread_blocked, id=580, stack(0x00000048b5800000,0x00000048b5900000) (1024K)]
  0x0000014a06597890 JavaThread "Worker-10"                         [_thread_blocked, id=10828, stack(0x00000048b7800000,0x00000048b7900000) (1024K)]
  0x0000014a06595e50 JavaThread "Compiler Source File Reader" daemon [_thread_blocked, id=20544, stack(0x00000048b7a00000,0x00000048b7b00000) (1024K)]
Total: 62

Other Threads:
  0x0000014a21f9ea40 VMThread "VM Thread"                           [id=7500, stack(0x00000048b5c00000,0x00000048b5d00000) (1024K)]
  0x0000014a21d6ca00 WatcherThread "VM Periodic Task Thread"        [id=4900, stack(0x00000048b5b00000,0x00000048b5c00000) (1024K)]
  0x0000014a21ef9a80 WorkerThread "GC Thread#0"                     [id=11428, stack(0x00000048b5a00000,0x00000048b5b00000) (1024K)]
  0x0000014a04bf4470 WorkerThread "GC Thread#1"                     [id=19268, stack(0x00000048b6900000,0x00000048b6a00000) (1024K)]
  0x0000014a043d9ee0 WorkerThread "GC Thread#2"                     [id=18704, stack(0x00000048b6a00000,0x00000048b6b00000) (1024K)]
  0x0000014a04d27b80 WorkerThread "GC Thread#3"                     [id=4832, stack(0x00000048b6b00000,0x00000048b6c00000) (1024K)]
  0x0000014a04d28340 WorkerThread "GC Thread#4"                     [id=18924, stack(0x00000048b6c00000,0x00000048b6d00000) (1024K)]
  0x0000014a048e12e0 WorkerThread "GC Thread#5"                     [id=7304, stack(0x00000048b6d00000,0x00000048b6e00000) (1024K)]
  0x0000014a048e1aa0 WorkerThread "GC Thread#6"                     [id=12660, stack(0x00000048b6e00000,0x00000048b6f00000) (1024K)]
  0x0000014a04b9d880 WorkerThread "GC Thread#7"                     [id=16376, stack(0x00000048b7000000,0x00000048b7100000) (1024K)]
  0x0000014a04d92a00 WorkerThread "GC Thread#8"                     [id=16724, stack(0x00000048b7400000,0x00000048b7500000) (1024K)]
  0x0000014a053021f0 WorkerThread "GC Thread#9"                     [id=9924, stack(0x00000048b7500000,0x00000048b7600000) (1024K)]
Total: 12

Threads with active compile tasks:
C2 CompilerThread0  1954341 23720       4       org.eclipse.jdt.ls.core.internal.JDTUtils::toLocation (273 bytes)
Total: 1

VM state: not at safepoint (normal execution)

VM Mutex/Monitor currently owned by a thread: None

Heap address: 0x0000000080000000, size: 2048 MB, Compressed Oops mode: 32-bit

CDS archive(s) mapped at: [0x0000014a39000000-0x0000014a39ba0000-0x0000014a39ba0000), size 12189696, SharedBaseAddress: 0x0000014a39000000, ArchiveRelocationMode: 1.
Compressed class space mapped at: 0x0000014a3a000000-0x0000014a7a000000, reserved size: 1073741824
Narrow klass base: 0x0000014a39000000, Narrow klass shift: 0, Narrow klass range: 0x100000000

GC Precious Log:
 CardTable entry size: 512
 CPUs: 12 total, 12 available
 Memory: 16071M
 Large Page Support: Disabled
 NUMA Support: Disabled
 Compressed Oops: Enabled (32-bit)
 Alignments: Space 512K, Generation 512K, Heap 2M
 Heap Min Capacity: 100M
 Heap Initial Capacity: 100M
 Heap Max Capacity: 2G
 Pre-touch: Disabled
 Parallel Workers: 10

Heap:
 PSYoungGen      total 5632K, used 1513K [0x00000000d5580000, 0x00000000d5f00000, 0x0000000100000000)
  eden space 4608K, 17% used [0x00000000d5580000,0x00000000d5646430,0x00000000d5a00000)
  from space 1024K, 70% used [0x00000000d5d80000,0x00000000d5e34010,0x00000000d5e80000)
  to   space 512K, 0% used [0x00000000d5e80000,0x00000000d5e80000,0x00000000d5f00000)
 ParOldGen       total 1332736K, used 1332288K [0x0000000080000000, 0x00000000d1580000, 0x00000000d5580000)
  object space 1332736K, 99% used [0x0000000080000000,0x00000000d1510080,0x00000000d1580000)
 Metaspace       used 100142K, committed 102144K, reserved 1179648K
  class space    used 10399K, committed 11328K, reserved 1048576K

Card table byte_map: [0x0000014a21880000,0x0000014a21c90000] _byte_map_base: 0x0000014a21480000

Marking Bits: (ParMarkBitMap*) 0x00007fff8a554460
 Begin Bits: [0x0000014a34390000, 0x0000014a36390000)
 End Bits:   [0x0000014a36390000, 0x0000014a38390000)

Polling page: 0x0000014a1fb00000

Metaspace:

Usage:
  Non-class:     87.64 MB used.
      Class:     10.16 MB used.
       Both:     97.80 MB used.

Virtual space:
  Non-class space:      128.00 MB reserved,      88.69 MB ( 69%) committed,  2 nodes.
      Class space:        1.00 GB reserved,      11.06 MB (  1%) committed,  1 nodes.
             Both:        1.12 GB reserved,      99.75 MB (  9%) committed. 

Chunk freelists:
   Non-Class:  6.50 MB
       Class:  4.99 MB
        Both:  11.49 MB

MaxMetaspaceSize: unlimited
CompressedClassSpaceSize: 1.00 GB
Initial GC threshold: 21.00 MB
Current GC threshold: 157.12 MB
CDS: on
 - commit_granule_bytes: 65536.
 - commit_granule_words: 8192.
 - virtual_space_node_default_size: 8388608.
 - enlarge_chunks_in_place: 1.
 - use_allocation_guard: 0.


Internal statistics:

num_allocs_failed_limit: 9.
num_arena_births: 1980.
num_arena_deaths: 32.
num_vsnodes_births: 3.
num_vsnodes_deaths: 0.
num_space_committed: 1596.
num_space_uncommitted: 0.
num_chunks_returned_to_freelist: 49.
num_chunks_taken_from_freelist: 6989.
num_chunk_merges: 20.
num_chunk_splits: 4181.
num_chunks_enlarged: 2241.
num_inconsistent_stats: 0.

CodeHeap 'non-profiled nmethods': size=120000Kb used=23028Kb max_used=23028Kb free=96971Kb
 bounds [0x0000014a2cbb0000, 0x0000014a2e230000, 0x0000014a340e0000]
CodeHeap 'profiled nmethods': size=120000Kb used=52367Kb max_used=52367Kb free=67632Kb
 bounds [0x0000014a250e0000, 0x0000014a28410000, 0x0000014a2c610000]
CodeHeap 'non-nmethods': size=5760Kb used=1555Kb max_used=1657Kb free=4204Kb
 bounds [0x0000014a2c610000, 0x0000014a2c880000, 0x0000014a2cbb0000]
CodeCache: size=245760Kb, used=76950Kb, max_used=77052Kb, free=168807Kb
 total_blobs=20499, nmethods=19621, adapters=779, full_count=0
Compilation: enabled, stopped_count=0, restarted_count=0

Compilation events (20 events):
Event: 1947.374 Thread 0x0000014a04021ae0 nmethod 23710 0x0000014a2e224290 code [0x0000014a2e224440, 0x0000014a2e2246c0]
Event: 1947.534 Thread 0x0000014a04021ae0 23711       4       com.google.gson.internal.bind.JsonElementTypeAdapter::tryBeginNesting (62 bytes)
Event: 1947.541 Thread 0x0000014a04021ae0 nmethod 23711 0x0000014a2e224890 code [0x0000014a2e224a80, 0x0000014a2e224f00]
Event: 1947.790 Thread 0x0000014a04021ae0 23712       4       org.eclipse.jdt.internal.compiler.ast.IntLiteral::buildIntLiteral (119 bytes)
Event: 1947.799 Thread 0x0000014a04021ae0 nmethod 23712 0x0000014a2e225290 code [0x0000014a2e225440, 0x0000014a2e2257c0]
Event: 1948.678 Thread 0x0000014a04021ae0 23713       4       org.eclipse.jdt.internal.compiler.lookup.ReferenceBinding::storeAnnotationHolder (47 bytes)
Event: 1948.685 Thread 0x0000014a04021ae0 nmethod 23713 0x0000014a2e225a90 code [0x0000014a2e225cc0, 0x0000014a2e226330]
Event: 1949.089 Thread 0x0000014a04021ae0 23714       4       org.eclipse.jdt.internal.compiler.parser.diagnose.DiagnoseParser::primaryPhase (557 bytes)
Event: 1949.131 Thread 0x0000014a04021ae0 nmethod 23714 0x0000014a2e226890 code [0x0000014a2e226b60, 0x0000014a2e227be0]
Event: 1949.410 Thread 0x0000014a04021ae0 23715       4       java.util.regex.Pattern$StartS::match (138 bytes)
Event: 1949.418 Thread 0x0000014a04021ae0 nmethod 23715 0x0000014a2e228790 code [0x0000014a2e228960, 0x0000014a2e228ce8]
Event: 1949.976 Thread 0x0000014a04051830 23716   !   3       java.io.PrintStream::write (94 bytes)
Event: 1949.981 Thread 0x0000014a04051830 nmethod 23716 0x0000014a28401990 code [0x0000014a28401ce0, 0x0000014a28403188]
Event: 1949.981 Thread 0x0000014a04051830 23717       3       java.io.PrintStream::implWrite (29 bytes)
Event: 1949.981 Thread 0x0000014a04051830 nmethod 23717 0x0000014a28403c90 code [0x0000014a28403e80, 0x0000014a284042b0]
Event: 1949.981 Thread 0x0000014a04021ae0 23718       4       java.util.ArrayList::sort (45 bytes)
Event: 1949.983 Thread 0x0000014a04021ae0 nmethod 23718 0x0000014a2e229010 code [0x0000014a2e2291c0, 0x0000014a2e229398]
Event: 1954.182 Thread 0x0000014a04021ae0 23719       4       org.eclipse.jdt.ls.core.internal.JDTUtils::toLocation (21 bytes)
Event: 1954.236 Thread 0x0000014a04021ae0 nmethod 23719 0x0000014a2e229590 code [0x0000014a2e229a40, 0x0000014a2e22b778]
Event: 1954.236 Thread 0x0000014a04021ae0 23720       4       org.eclipse.jdt.ls.core.internal.JDTUtils::toLocation (273 bytes)

GC Heap History (20 events):
Event: 1936.470 GC heap after
{Heap after GC invocations=2838 (full 5):
 PSYoungGen      total 5632K, used 224K [0x00000000d5580000, 0x00000000d6080000, 0x0000000100000000)
  eden space 4608K, 0% used [0x00000000d5580000,0x00000000d5580000,0x00000000d5a00000)
  from space 1024K, 21% used [0x00000000d5f00000,0x00000000d5f38000,0x00000000d6000000)
  to   space 512K, 0% used [0x00000000d6000000,0x00000000d6000000,0x00000000d6080000)
 ParOldGen       total 1327104K, used 1327018K [0x0000000080000000, 0x00000000d1000000, 0x00000000d5580000)
  object space 1327104K, 99% used [0x0000000080000000,0x00000000d0feaa20,0x00000000d1000000)
 Metaspace       used 100125K, committed 102144K, reserved 1179648K
  class space    used 10399K, committed 11328K, reserved 1048576K
}
Event: 1938.726 GC heap before
{Heap before GC invocations=2839 (full 5):
 PSYoungGen      total 5632K, used 4830K [0x00000000d5580000, 0x00000000d6080000, 0x0000000100000000)
  eden space 4608K, 99% used [0x00000000d5580000,0x00000000d59ff848,0x00000000d5a00000)
  from space 1024K, 21% used [0x00000000d5f00000,0x00000000d5f38000,0x00000000d6000000)
  to   space 512K, 0% used [0x00000000d6000000,0x00000000d6000000,0x00000000d6080000)
 ParOldGen       total 1327104K, used 1327018K [0x0000000080000000, 0x00000000d1000000, 0x00000000d5580000)
  object space 1327104K, 99% used [0x0000000080000000,0x00000000d0feaa20,0x00000000d1000000)
 Metaspace       used 100130K, committed 102144K, reserved 1179648K
  class space    used 10399K, committed 11328K, reserved 1048576K
}
Event: 1938.729 GC heap after
{Heap after GC invocations=2839 (full 5):
 PSYoungGen      total 5120K, used 224K [0x00000000d5580000, 0x00000000d6080000, 0x0000000100000000)
  eden space 4608K, 0% used [0x00000000d5580000,0x00000000d5580000,0x00000000d5a00000)
  from space 512K, 43% used [0x00000000d6000000,0x00000000d6038000,0x00000000d6080000)
  to   space 512K, 0% used [0x00000000d5f80000,0x00000000d5f80000,0x00000000d6000000)
 ParOldGen       total 1327104K, used 1327058K [0x0000000080000000, 0x00000000d1000000, 0x00000000d5580000)
  object space 1327104K, 99% used [0x0000000080000000,0x00000000d0ff4a20,0x00000000d1000000)
 Metaspace       used 100130K, committed 102144K, reserved 1179648K
  class space    used 10399K, committed 11328K, reserved 1048576K
}
Event: 1946.088 GC heap before
{Heap before GC invocations=2840 (full 5):
 PSYoungGen      total 5120K, used 4832K [0x00000000d5580000, 0x00000000d6080000, 0x0000000100000000)
  eden space 4608K, 100% used [0x00000000d5580000,0x00000000d5a00000,0x00000000d5a00000)
  from space 512K, 43% used [0x00000000d6000000,0x00000000d6038000,0x00000000d6080000)
  to   space 512K, 0% used [0x00000000d5f80000,0x00000000d5f80000,0x00000000d6000000)
 ParOldGen       total 1327104K, used 1327058K [0x0000000080000000, 0x00000000d1000000, 0x00000000d5580000)
  object space 1327104K, 99% used [0x0000000080000000,0x00000000d0ff4a20,0x00000000d1000000)
 Metaspace       used 100141K, committed 102144K, reserved 1179648K
  class space    used 10399K, committed 11328K, reserved 1048576K
}
Event: 1946.093 GC heap after
{Heap after GC invocations=2840 (full 5):
 PSYoungGen      total 5120K, used 512K [0x00000000d5580000, 0x00000000d6080000, 0x0000000100000000)
  eden space 4608K, 0% used [0x00000000d5580000,0x00000000d5580000,0x00000000d5a00000)
  from space 512K, 100% used [0x00000000d5f80000,0x00000000d6000000,0x00000000d6000000)
  to   space 512K, 0% used [0x00000000d6000000,0x00000000d6000000,0x00000000d6080000)
 ParOldGen       total 1327616K, used 1327242K [0x0000000080000000, 0x00000000d1080000, 0x00000000d5580000)
  object space 1327616K, 99% used [0x0000000080000000,0x00000000d1022a30,0x00000000d1080000)
 Metaspace       used 100141K, committed 102144K, reserved 1179648K
  class space    used 10399K, committed 11328K, reserved 1048576K
}
Event: 1946.471 GC heap before
{Heap before GC invocations=2841 (full 5):
 PSYoungGen      total 5120K, used 5120K [0x00000000d5580000, 0x00000000d6080000, 0x0000000100000000)
  eden space 4608K, 100% used [0x00000000d5580000,0x00000000d5a00000,0x00000000d5a00000)
  from space 512K, 100% used [0x00000000d5f80000,0x00000000d6000000,0x00000000d6000000)
  to   space 512K, 0% used [0x00000000d6000000,0x00000000d6000000,0x00000000d6080000)
 ParOldGen       total 1327616K, used 1327242K [0x0000000080000000, 0x00000000d1080000, 0x00000000d5580000)
  object space 1327616K, 99% used [0x0000000080000000,0x00000000d1022a30,0x00000000d1080000)
 Metaspace       used 100141K, committed 102144K, reserved 1179648K
  class space    used 10399K, committed 11328K, reserved 1048576K
}
Event: 1946.476 GC heap after
{Heap after GC invocations=2841 (full 5):
 PSYoungGen      total 5120K, used 480K [0x00000000d5580000, 0x00000000d6080000, 0x0000000100000000)
  eden space 4608K, 0% used [0x00000000d5580000,0x00000000d5580000,0x00000000d5a00000)
  from space 512K, 93% used [0x00000000d6000000,0x00000000d6078000,0x00000000d6080000)
  to   space 1024K, 0% used [0x00000000d5e80000,0x00000000d5e80000,0x00000000d5f80000)
 ParOldGen       total 1328128K, used 1327756K [0x0000000080000000, 0x00000000d1100000, 0x00000000d5580000)
  object space 1328128K, 99% used [0x0000000080000000,0x00000000d10a3330,0x00000000d1100000)
 Metaspace       used 100141K, committed 102144K, reserved 1179648K
  class space    used 10399K, committed 11328K, reserved 1048576K
}
Event: 1947.364 GC heap before
{Heap before GC invocations=2842 (full 5):
 PSYoungGen      total 5120K, used 5088K [0x00000000d5580000, 0x00000000d6080000, 0x0000000100000000)
  eden space 4608K, 100% used [0x00000000d5580000,0x00000000d5a00000,0x00000000d5a00000)
  from space 512K, 93% used [0x00000000d6000000,0x00000000d6078000,0x00000000d6080000)
  to   space 1024K, 0% used [0x00000000d5e80000,0x00000000d5e80000,0x00000000d5f80000)
 ParOldGen       total 1328128K, used 1327756K [0x0000000080000000, 0x00000000d1100000, 0x00000000d5580000)
  object space 1328128K, 99% used [0x0000000080000000,0x00000000d10a3330,0x00000000d1100000)
 Metaspace       used 100141K, committed 102144K, reserved 1179648K
  class space    used 10399K, committed 11328K, reserved 1048576K
}
Event: 1947.367 GC heap after
{Heap after GC invocations=2842 (full 5):
 PSYoungGen      total 5632K, used 672K [0x00000000d5580000, 0x00000000d6080000, 0x0000000100000000)
  eden space 4608K, 0% used [0x00000000d5580000,0x00000000d5580000,0x00000000d5a00000)
  from space 1024K, 65% used [0x00000000d5e80000,0x00000000d5f28000,0x00000000d5f80000)
  to   space 1024K, 0% used [0x00000000d5f80000,0x00000000d5f80000,0x00000000d6080000)
 ParOldGen       total 1328128K, used 1327956K [0x0000000080000000, 0x00000000d1100000, 0x00000000d5580000)
  object space 1328128K, 99% used [0x0000000080000000,0x00000000d10d5330,0x00000000d1100000)
 Metaspace       used 100141K, committed 102144K, reserved 1179648K
  class space    used 10399K, committed 11328K, reserved 1048576K
}
Event: 1947.777 GC heap before
{Heap before GC invocations=2843 (full 5):
 PSYoungGen      total 5632K, used 5280K [0x00000000d5580000, 0x00000000d6080000, 0x0000000100000000)
  eden space 4608K, 100% used [0x00000000d5580000,0x00000000d5a00000,0x00000000d5a00000)
  from space 1024K, 65% used [0x00000000d5e80000,0x00000000d5f28000,0x00000000d5f80000)
  to   space 1024K, 0% used [0x00000000d5f80000,0x00000000d5f80000,0x00000000d6080000)
 ParOldGen       total 1328128K, used 1327956K [0x0000000080000000, 0x00000000d1100000, 0x00000000d5580000)
  object space 1328128K, 99% used [0x0000000080000000,0x00000000d10d5330,0x00000000d1100000)
 Metaspace       used 100141K, committed 102144K, reserved 1179648K
  class space    used 10399K, committed 11328K, reserved 1048576K
}
Event: 1947.782 GC heap after
{Heap after GC invocations=2843 (full 5):
 PSYoungGen      total 5632K, used 1008K [0x00000000d5580000, 0x00000000d6080000, 0x0000000100000000)
  eden space 4608K, 0% used [0x00000000d5580000,0x00000000d5580000,0x00000000d5a00000)
  from space 1024K, 98% used [0x00000000d5f80000,0x00000000d607c010,0x00000000d6080000)
  to   space 2048K, 0% used [0x00000000d5c80000,0x00000000d5c80000,0x00000000d5e80000)
 ParOldGen       total 1328640K, used 1328567K [0x0000000080000000, 0x00000000d1180000, 0x00000000d5580000)
  object space 1328640K, 99% used [0x0000000080000000,0x00000000d116dc40,0x00000000d1180000)
 Metaspace       used 100141K, committed 102144K, reserved 1179648K
  class space    used 10399K, committed 11328K, reserved 1048576K
}
Event: 1948.669 GC heap before
{Heap before GC invocations=2844 (full 5):
 PSYoungGen      total 5632K, used 5616K [0x00000000d5580000, 0x00000000d6080000, 0x0000000100000000)
  eden space 4608K, 100% used [0x00000000d5580000,0x00000000d5a00000,0x00000000d5a00000)
  from space 1024K, 98% used [0x00000000d5f80000,0x00000000d607c010,0x00000000d6080000)
  to   space 2048K, 0% used [0x00000000d5c80000,0x00000000d5c80000,0x00000000d5e80000)
 ParOldGen       total 1328640K, used 1328567K [0x0000000080000000, 0x00000000d1180000, 0x00000000d5580000)
  object space 1328640K, 99% used [0x0000000080000000,0x00000000d116dc40,0x00000000d1180000)
 Metaspace       used 100141K, committed 102144K, reserved 1179648K
  class space    used 10399K, committed 11328K, reserved 1048576K
}
Event: 1948.672 GC heap after
{Heap after GC invocations=2844 (full 5):
 PSYoungGen      total 6656K, used 336K [0x00000000d5580000, 0x00000000d6000000, 0x0000000100000000)
  eden space 4608K, 0% used [0x00000000d5580000,0x00000000d5580000,0x00000000d5a00000)
  from space 2048K, 16% used [0x00000000d5c80000,0x00000000d5cd4010,0x00000000d5e80000)
  to   space 1024K, 0% used [0x00000000d5f00000,0x00000000d5f00000,0x00000000d6000000)
 ParOldGen       total 1329664K, used 1329545K [0x0000000080000000, 0x00000000d1280000, 0x00000000d5580000)
  object space 1329664K, 99% used [0x0000000080000000,0x00000000d1262550,0x00000000d1280000)
 Metaspace       used 100141K, committed 102144K, reserved 1179648K
  class space    used 10399K, committed 11328K, reserved 1048576K
}
Event: 1949.074 GC heap before
{Heap before GC invocations=2845 (full 5):
 PSYoungGen      total 6656K, used 4944K [0x00000000d5580000, 0x00000000d6000000, 0x0000000100000000)
  eden space 4608K, 100% used [0x00000000d5580000,0x00000000d5a00000,0x00000000d5a00000)
  from space 2048K, 16% used [0x00000000d5c80000,0x00000000d5cd4010,0x00000000d5e80000)
  to   space 1024K, 0% used [0x00000000d5f00000,0x00000000d5f00000,0x00000000d6000000)
 ParOldGen       total 1329664K, used 1329545K [0x0000000080000000, 0x00000000d1280000, 0x00000000d5580000)
  object space 1329664K, 99% used [0x0000000080000000,0x00000000d1262550,0x00000000d1280000)
 Metaspace       used 100141K, committed 102144K, reserved 1179648K
  class space    used 10399K, committed 11328K, reserved 1048576K
}
Event: 1949.080 GC heap after
{Heap after GC invocations=2845 (full 5):
 PSYoungGen      total 5632K, used 1024K [0x00000000d5580000, 0x00000000d6000000, 0x0000000100000000)
  eden space 4608K, 0% used [0x00000000d5580000,0x00000000d5580000,0x00000000d5a00000)
  from space 1024K, 100% used [0x00000000d5f00000,0x00000000d6000000,0x00000000d6000000)
  to   space 2048K, 0% used [0x00000000d5c00000,0x00000000d5c00000,0x00000000d5e00000)
 ParOldGen       total 1330176K, used 1329917K [0x0000000080000000, 0x00000000d1300000, 0x00000000d5580000)
  object space 1330176K, 99% used [0x0000000080000000,0x00000000d12bf770,0x00000000d1300000)
 Metaspace       used 100141K, committed 102144K, reserved 1179648K
  class space    used 10399K, committed 11328K, reserved 1048576K
}
Event: 1949.977 GC heap before
{Heap before GC invocations=2846 (full 5):
 PSYoungGen      total 5632K, used 5632K [0x00000000d5580000, 0x00000000d6000000, 0x0000000100000000)
  eden space 4608K, 100% used [0x00000000d5580000,0x00000000d5a00000,0x00000000d5a00000)
  from space 1024K, 100% used [0x00000000d5f00000,0x00000000d6000000,0x00000000d6000000)
  to   space 2048K, 0% used [0x00000000d5c00000,0x00000000d5c00000,0x00000000d5e00000)
 ParOldGen       total 1330176K, used 1329917K [0x0000000080000000, 0x00000000d1300000, 0x00000000d5580000)
  object space 1330176K, 99% used [0x0000000080000000,0x00000000d12bf770,0x00000000d1300000)
 Metaspace       used 100142K, committed 102144K, reserved 1179648K
  class space    used 10399K, committed 11328K, reserved 1048576K
}
Event: 1949.980 GC heap after
{Heap after GC invocations=2846 (full 5):
 PSYoungGen      total 6656K, used 640K [0x00000000d5580000, 0x00000000d5f80000, 0x0000000100000000)
  eden space 4608K, 0% used [0x00000000d5580000,0x00000000d5580000,0x00000000d5a00000)
  from space 2048K, 31% used [0x00000000d5c00000,0x00000000d5ca0000,0x00000000d5e00000)
  to   space 1024K, 0% used [0x00000000d5e80000,0x00000000d5e80000,0x00000000d5f80000)
 ParOldGen       total 1331200K, used 1330965K [0x0000000080000000, 0x00000000d1400000, 0x00000000d5580000)
  object space 1331200K, 99% used [0x0000000080000000,0x00000000d13c5770,0x00000000d1400000)
 Metaspace       used 100142K, committed 102144K, reserved 1179648K
  class space    used 10399K, committed 11328K, reserved 1048576K
}
Event: 1954.076 GC heap before
{Heap before GC invocations=2847 (full 5):
 PSYoungGen      total 6656K, used 5248K [0x00000000d5580000, 0x00000000d5f80000, 0x0000000100000000)
  eden space 4608K, 100% used [0x00000000d5580000,0x00000000d5a00000,0x00000000d5a00000)
  from space 2048K, 31% used [0x00000000d5c00000,0x00000000d5ca0000,0x00000000d5e00000)
  to   space 1024K, 0% used [0x00000000d5e80000,0x00000000d5e80000,0x00000000d5f80000)
 ParOldGen       total 1331200K, used 1330965K [0x0000000080000000, 0x00000000d1400000, 0x00000000d5580000)
  object space 1331200K, 99% used [0x0000000080000000,0x00000000d13c5770,0x00000000d1400000)
 Metaspace       used 100142K, committed 102144K, reserved 1179648K
  class space    used 10399K, committed 11328K, reserved 1048576K
}
Event: 1954.080 GC heap after
{Heap after GC invocations=2847 (full 5):
 PSYoungGen      total 5632K, used 896K [0x00000000d5580000, 0x00000000d5f80000, 0x0000000100000000)
  eden space 4608K, 0% used [0x00000000d5580000,0x00000000d5580000,0x00000000d5a00000)
  from space 1024K, 87% used [0x00000000d5e80000,0x00000000d5f60000,0x00000000d5f80000)
  to   space 1024K, 0% used [0x00000000d5d80000,0x00000000d5d80000,0x00000000d5e80000)
 ParOldGen       total 1331712K, used 1331437K [0x0000000080000000, 0x00000000d1480000, 0x00000000d5580000)
  object space 1331712K, 99% used [0x0000000080000000,0x00000000d143b770,0x00000000d1480000)
 Metaspace       used 100142K, committed 102144K, reserved 1179648K
  class space    used 10399K, committed 11328K, reserved 1048576K
}
Event: 1954.276 GC heap before
{Heap before GC invocations=2848 (full 5):
 PSYoungGen      total 5632K, used 5504K [0x00000000d5580000, 0x00000000d5f80000, 0x0000000100000000)
  eden space 4608K, 100% used [0x00000000d5580000,0x00000000d5a00000,0x00000000d5a00000)
  from space 1024K, 87% used [0x00000000d5e80000,0x00000000d5f60000,0x00000000d5f80000)
  to   space 1024K, 0% used [0x00000000d5d80000,0x00000000d5d80000,0x00000000d5e80000)
 ParOldGen       total 1331712K, used 1331437K [0x0000000080000000, 0x00000000d1480000, 0x00000000d5580000)
  object space 1331712K, 99% used [0x0000000080000000,0x00000000d143b770,0x00000000d1480000)
 Metaspace       used 100142K, committed 102144K, reserved 1179648K
  class space    used 10399K, committed 11328K, reserved 1048576K
}

Dll operation events (12 events):
Event: 0.020 Loaded shared library c:\Users\Ashish\.vscode\extensions\redhat.java-1.55.0-win32-x64\jre\21.0.11-win32-x86_64\bin\java.dll
Event: 0.112 Loaded shared library c:\Users\Ashish\.vscode\extensions\redhat.java-1.55.0-win32-x64\jre\21.0.11-win32-x86_64\bin\zip.dll
Event: 0.135 Loaded shared library C:\Users\Ashish\.vscode\extensions\redhat.java-1.55.0-win32-x64\jre\21.0.11-win32-x86_64\bin\instrument.dll
Event: 0.141 Loaded shared library C:\Users\Ashish\.vscode\extensions\redhat.java-1.55.0-win32-x64\jre\21.0.11-win32-x86_64\bin\net.dll
Event: 0.146 Loaded shared library C:\Users\Ashish\.vscode\extensions\redhat.java-1.55.0-win32-x64\jre\21.0.11-win32-x86_64\bin\nio.dll
Event: 0.149 Loaded shared library C:\Users\Ashish\.vscode\extensions\redhat.java-1.55.0-win32-x64\jre\21.0.11-win32-x86_64\bin\zip.dll
Event: 0.168 Loaded shared library C:\Users\Ashish\.vscode\extensions\redhat.java-1.55.0-win32-x64\jre\21.0.11-win32-x86_64\bin\jimage.dll
Event: 0.256 Loaded shared library c:\Users\Ashish\.vscode\extensions\redhat.java-1.55.0-win32-x64\jre\21.0.11-win32-x86_64\bin\verify.dll
Event: 1.679 Loaded shared library C:\Users\Ashish\AppData\Roaming\Code\User\globalStorage\redhat.java\1.55.0\config_win\org.eclipse.equinox.launcher\org.eclipse.equinox.launcher.win32.win32.x86_64_1.3.100.v20260613-0559\eclipse_11924.dll
Event: 6.026 Loaded shared library C:\Users\Ashish\AppData\Local\Temp\jna-1970302568\jna13917809423667894133.dll
Event: 8.855 Loaded shared library C:\Users\Ashish\.vscode\extensions\redhat.java-1.55.0-win32-x64\jre\21.0.11-win32-x86_64\bin\sunmscapi.dll
Event: 17.654 Loaded shared library C:\Users\Ashish\.vscode\extensions\redhat.java-1.55.0-win32-x64\jre\21.0.11-win32-x86_64\bin\extnet.dll

Deoptimization events (20 events):
Event: 1926.847 Thread 0x0000014a08fe87d0 DEOPT PACKING pc=0x0000014a2e192884 sp=0x00000048ba1fe850
Event: 1926.847 Thread 0x0000014a08fe87d0 DEOPT UNPACKING pc=0x0000014a2c663aa2 sp=0x00000048ba1fe780 mode 2
Event: 1926.959 Thread 0x0000014a08fe87d0 Uncommon trap: trap_request=0xffffff45 fr.pc=0x0000014a2e00f5d4 relative=0x00000000000014d4
Event: 1926.959 Thread 0x0000014a08fe87d0 Uncommon trap: reason=unstable_if action=reinterpret pc=0x0000014a2e00f5d4 method=org.eclipse.jdt.ls.core.internal.semantictokens.TokenType.getApplicableType(Lorg/eclipse/jdt/core/dom/IBinding;)Lorg/eclipse/jdt/ls/core/internal/semantictokens/TokenType; @
Event: 1926.959 Thread 0x0000014a08fe87d0 DEOPT PACKING pc=0x0000014a2e00f5d4 sp=0x00000048ba1fe800
Event: 1926.959 Thread 0x0000014a08fe87d0 DEOPT UNPACKING pc=0x0000014a2c663aa2 sp=0x00000048ba1fe770 mode 2
Event: 1935.509 Thread 0x0000014a08febc50 Uncommon trap: trap_request=0xffffff45 fr.pc=0x0000014a2d48e4e0 relative=0x0000000000001460
Event: 1935.509 Thread 0x0000014a08febc50 Uncommon trap: reason=unstable_if action=reinterpret pc=0x0000014a2d48e4e0 method=org.eclipse.jdt.internal.compiler.parser.diagnose.DiagnoseParser.checkPrimaryDistance([IILorg/eclipse/jdt/internal/compiler/parser/diagnose/DiagnoseParser$PrimaryRepairInfo;
Event: 1935.509 Thread 0x0000014a08febc50 DEOPT PACKING pc=0x0000014a2d48e4e0 sp=0x00000048b79fdfe0
Event: 1935.509 Thread 0x0000014a08febc50 DEOPT UNPACKING pc=0x0000014a2c663aa2 sp=0x00000048b79fdf60 mode 2
Event: 1935.778 Thread 0x0000014a060dd160 Uncommon trap: trap_request=0xffffff45 fr.pc=0x0000014a2ccce7fc relative=0x000000000000065c
Event: 1935.778 Thread 0x0000014a060dd160 Uncommon trap: reason=unstable_if action=reinterpret pc=0x0000014a2ccce7fc method=org.eclipse.jdt.ls.core.internal.semantictokens.TokenType.getApplicableType(Lorg/eclipse/jdt/core/dom/IBinding;)Lorg/eclipse/jdt/ls/core/internal/semantictokens/TokenType; @
Event: 1935.778 Thread 0x0000014a060dd160 DEOPT PACKING pc=0x0000014a2ccce7fc sp=0x00000048b9dfe8b0
Event: 1935.778 Thread 0x0000014a060dd160 DEOPT UNPACKING pc=0x0000014a2c663aa2 sp=0x00000048b9dfe848 mode 2
Event: 1946.082 Thread 0x0000014a060dd160 DEOPT PACKING pc=0x0000014a283f326f sp=0x00000048b9dfdc20
Event: 1946.082 Thread 0x0000014a060dd160 DEOPT UNPACKING pc=0x0000014a2c664242 sp=0x00000048b9dfd130 mode 0
Event: 1953.870 Thread 0x0000014a060dd160 Uncommon trap: trap_request=0xffffff6e fr.pc=0x0000014a2e2276e0 relative=0x0000000000000b80
Event: 1953.870 Thread 0x0000014a060dd160 Uncommon trap: reason=loop_limit_check action=maybe_recompile pc=0x0000014a2e2276e0 method=org.eclipse.jdt.internal.compiler.parser.diagnose.DiagnoseParser.secondaryCheck([IIII)Z @ 60 c2
Event: 1953.870 Thread 0x0000014a060dd160 DEOPT PACKING pc=0x0000014a2e2276e0 sp=0x00000048b9dfdd80
Event: 1953.870 Thread 0x0000014a060dd160 DEOPT UNPACKING pc=0x0000014a2c663aa2 sp=0x00000048b9dfdc90 mode 2

Classes loaded (20 events):
Event: 286.070 Loading class java/util/LinkedList$LLSpliterator
Event: 286.070 Loading class java/util/LinkedList$LLSpliterator done
Event: 312.723 Loading class java/util/stream/Nodes$CollectorTask$OfRef
Event: 312.724 Loading class java/util/stream/Nodes$CollectorTask
Event: 312.724 Loading class java/util/stream/Nodes$CollectorTask done
Event: 312.724 Loading class java/util/stream/Nodes$CollectorTask$OfRef done
Event: 312.727 Loading class java/util/function/LongFunction
Event: 312.727 Loading class java/util/function/LongFunction done
Event: 312.727 Loading class java/util/stream/Nodes$ConcNode
Event: 312.727 Loading class java/util/stream/Nodes$AbstractConcNode
Event: 312.728 Loading class java/util/stream/Nodes$AbstractConcNode done
Event: 312.728 Loading class java/util/stream/Nodes$ConcNode done
Event: 312.730 Loading class java/io/ObjectOutputStream$BlockDataOutputStream
Event: 312.731 Loading class java/io/ObjectOutputStream$BlockDataOutputStream done
Event: 312.731 Loading class java/io/ObjectOutputStream$HandleTable
Event: 312.731 Loading class java/io/ObjectOutputStream$HandleTable done
Event: 312.731 Loading class java/io/ObjectOutputStream$ReplaceTable
Event: 312.731 Loading class java/io/ObjectOutputStream$ReplaceTable done
Event: 540.602 Loading class java/nio/channels/CompletionHandler
Event: 540.603 Loading class java/nio/channels/CompletionHandler done

Classes unloaded (16 events):
Event: 6.944 Thread 0x0000014a21f9ea40 Unloading class 0x0000014a3a1ac000 'java/lang/invoke/LambdaForm$MH+0x0000014a3a1ac000'
Event: 6.944 Thread 0x0000014a21f9ea40 Unloading class 0x0000014a3a1abc00 'java/lang/invoke/LambdaForm$MH+0x0000014a3a1abc00'
Event: 6.944 Thread 0x0000014a21f9ea40 Unloading class 0x0000014a3a1ab800 'java/lang/invoke/LambdaForm$MH+0x0000014a3a1ab800'
Event: 6.944 Thread 0x0000014a21f9ea40 Unloading class 0x0000014a3a1ab400 'java/lang/invoke/LambdaForm$MH+0x0000014a3a1ab400'
Event: 6.944 Thread 0x0000014a21f9ea40 Unloading class 0x0000014a3a1ab000 'java/lang/invoke/LambdaForm$BMH+0x0000014a3a1ab000'
Event: 6.944 Thread 0x0000014a21f9ea40 Unloading class 0x0000014a3a1aac00 'java/lang/invoke/LambdaForm$DMH+0x0000014a3a1aac00'
Event: 6.944 Thread 0x0000014a21f9ea40 Unloading class 0x0000014a3a1a9800 'java/lang/invoke/LambdaForm$DMH+0x0000014a3a1a9800'
Event: 285.982 Thread 0x0000014a21f9ea40 Unloading class 0x0000014a3a778c00 'java/lang/invoke/LambdaForm$MH+0x0000014a3a778c00'
Event: 285.982 Thread 0x0000014a21f9ea40 Unloading class 0x0000014a3a778400 'java/lang/invoke/LambdaForm$MH+0x0000014a3a778400'
Event: 285.982 Thread 0x0000014a21f9ea40 Unloading class 0x0000014a3a773c00 'java/lang/invoke/LambdaForm$MH+0x0000014a3a773c00'
Event: 285.982 Thread 0x0000014a21f9ea40 Unloading class 0x0000014a3a778000 'java/lang/invoke/LambdaForm$MH+0x0000014a3a778000'
Event: 285.982 Thread 0x0000014a21f9ea40 Unloading class 0x0000014a3a773000 'java/lang/invoke/LambdaForm$MH+0x0000014a3a773000'
Event: 285.982 Thread 0x0000014a21f9ea40 Unloading class 0x0000014a3a772c00 'java/lang/invoke/LambdaForm$MH+0x0000014a3a772c00'
Event: 285.982 Thread 0x0000014a21f9ea40 Unloading class 0x0000014a3a73cc00 'java/lang/invoke/LambdaForm$DMH+0x0000014a3a73cc00'
Event: 285.982 Thread 0x0000014a21f9ea40 Unloading class 0x0000014a3a73d000 'java/lang/invoke/LambdaForm$DMH+0x0000014a3a73d000'
Event: 285.982 Thread 0x0000014a21f9ea40 Unloading class 0x0000014a3a73c800 'java/lang/invoke/LambdaForm$DMH+0x0000014a3a73c800'

Classes redefined (0 events):
No events

Internal exceptions (20 events):
Event: 1494.197 Thread 0x0000014a060dde80 Exception <a 'sun/nio/fs/WindowsException'{0x00000000d561bfb8}> (0x00000000d561bfb8) 
thrown [s\src\hotspot\share\prims\jni.cpp, line 520]
Event: 1494.197 Thread 0x0000014a060dde80 Exception <a 'sun/nio/fs/WindowsException'{0x00000000d561c5e8}> (0x00000000d561c5e8) 
thrown [s\src\hotspot\share\prims\jni.cpp, line 520]
Event: 1590.001 Thread 0x0000014a058c3870 Exception <a 'sun/nio/fs/WindowsException'{0x00000000d5697030}> (0x00000000d5697030) 
thrown [s\src\hotspot\share\prims\jni.cpp, line 520]
Event: 1590.058 Thread 0x0000014a058c3870 Exception <a 'sun/nio/fs/WindowsException'{0x00000000d55a1b00}> (0x00000000d55a1b00) 
thrown [s\src\hotspot\share\prims\jni.cpp, line 520]
Event: 1715.026 Thread 0x0000014a08febc50 Exception <a 'sun/nio/fs/WindowsException'{0x00000000d56bb070}> (0x00000000d56bb070) 
thrown [s\src\hotspot\share\prims\jni.cpp, line 520]
Event: 1715.026 Thread 0x0000014a08febc50 Exception <a 'sun/nio/fs/WindowsException'{0x00000000d56bb970}> (0x00000000d56bb970) 
thrown [s\src\hotspot\share\prims\jni.cpp, line 520]
Event: 1797.630 Thread 0x0000014a058c3870 Exception <a 'sun/nio/fs/WindowsException'{0x00000000d58e5dd0}> (0x00000000d58e5dd0) 
thrown [s\src\hotspot\share\prims\jni.cpp, line 520]
Event: 1797.649 Thread 0x0000014a058c3870 Exception <a 'sun/nio/fs/WindowsException'{0x00000000d580b098}> (0x00000000d580b098) 
thrown [s\src\hotspot\share\prims\jni.cpp, line 520]
Event: 1812.787 Thread 0x0000014a08fe87d0 Implicit null exception at 0x0000014a2d46f1e6 to 0x0000014a2d46f654
Event: 1812.787 Thread 0x0000014a08fe87d0 Implicit null exception at 0x0000014a2d372752 to 0x0000014a2d37283e
Event: 1819.178 Thread 0x0000014a08fe87d0 Exception <a 'sun/nio/fs/WindowsException'{0x00000000d569f2e8}> (0x00000000d569f2e8) 
thrown [s\src\hotspot\share\prims\jni.cpp, line 520]
Event: 1819.179 Thread 0x0000014a08fe87d0 Exception <a 'sun/nio/fs/WindowsException'{0x00000000d569fbc8}> (0x00000000d569fbc8) 
thrown [s\src\hotspot\share\prims\jni.cpp, line 520]
Event: 1819.179 Thread 0x0000014a08fe87d0 Exception <a 'sun/nio/fs/WindowsException'{0x00000000d56a0910}> (0x00000000d56a0910) 
thrown [s\src\hotspot\share\prims\jni.cpp, line 520]
Event: 1819.179 Thread 0x0000014a08fe87d0 Exception <a 'sun/nio/fs/WindowsException'{0x00000000d56a11f0}> (0x00000000d56a11f0) 
thrown [s\src\hotspot\share\prims\jni.cpp, line 520]
Event: 1819.179 Thread 0x0000014a08fe87d0 Exception <a 'sun/nio/fs/WindowsException'{0x00000000d56a9800}> (0x00000000d56a9800) 
thrown [s\src\hotspot\share\prims\jni.cpp, line 520]
Event: 1819.179 Thread 0x0000014a08fe87d0 Exception <a 'sun/nio/fs/WindowsException'{0x00000000d56a9e30}> (0x00000000d56a9e30) 
thrown [s\src\hotspot\share\prims\jni.cpp, line 520]
Event: 1819.181 Thread 0x0000014a08fe87d0 Exception <a 'sun/nio/fs/WindowsException'{0x00000000d56c8280}> (0x00000000d56c8280) 
thrown [s\src\hotspot\share\prims\jni.cpp, line 520]
Event: 1819.181 Thread 0x0000014a08fe87d0 Exception <a 'sun/nio/fs/WindowsException'{0x00000000d56c8b60}> (0x00000000d56c8b60) 
thrown [s\src\hotspot\share\prims\jni.cpp, line 520]
Event: 1819.225 Thread 0x0000014a06597200 Exception <a 'sun/nio/fs/WindowsException'{0x00000000d57c7dd8}> (0x00000000d57c7dd8) 
thrown [s\src\hotspot\share\prims\jni.cpp, line 520]
Event: 1819.225 Thread 0x0000014a06597200 Exception <a 'sun/nio/fs/WindowsException'{0x00000000d57c84e8}> (0x00000000d57c84e8) 
thrown [s\src\hotspot\share\prims\jni.cpp, line 520]

ZGC Phase Switch (0 events):
No events

VM Operations (20 events):
Event: 1938.729 Executing safepoint VM operation: ParallelGCFailedAllocation (Allocation Failure) done
Event: 1946.088 Executing safepoint VM operation: ParallelGCFailedAllocation (Allocation Failure)
Event: 1946.093 Executing safepoint VM operation: ParallelGCFailedAllocation (Allocation Failure) done
Event: 1946.471 Executing safepoint VM operation: ParallelGCFailedAllocation (Allocation Failure)
Event: 1946.476 Executing safepoint VM operation: ParallelGCFailedAllocation (Allocation Failure) done
Event: 1947.364 Executing safepoint VM operation: ParallelGCFailedAllocation (Allocation Failure)
Event: 1947.367 Executing safepoint VM operation: ParallelGCFailedAllocation (Allocation Failure) done
Event: 1947.777 Executing safepoint VM operation: ParallelGCFailedAllocation (Allocation Failure)
Event: 1947.782 Executing safepoint VM operation: ParallelGCFailedAllocation (Allocation Failure) done
Event: 1948.669 Executing safepoint VM operation: ParallelGCFailedAllocation (Allocation Failure)
Event: 1948.672 Executing safepoint VM operation: ParallelGCFailedAllocation (Allocation Failure) done
Event: 1949.074 Executing safepoint VM operation: ParallelGCFailedAllocation (Allocation Failure)
Event: 1949.080 Executing safepoint VM operation: ParallelGCFailedAllocation (Allocation Failure) done
Event: 1949.977 Executing safepoint VM operation: ParallelGCFailedAllocation (Allocation Failure)
Event: 1949.980 Executing safepoint VM operation: ParallelGCFailedAllocation (Allocation Failure) done
Event: 1954.019 Executing safepoint VM operation: Cleanup
Event: 1954.019 Executing safepoint VM operation: Cleanup done
Event: 1954.076 Executing safepoint VM operation: ParallelGCFailedAllocation (Allocation Failure)
Event: 1954.080 Executing safepoint VM operation: ParallelGCFailedAllocation (Allocation Failure) done
Event: 1954.276 Executing safepoint VM operation: ParallelGCFailedAllocation (Allocation Failure)

Memory protections (0 events):
No events

Nmethod flushes (20 events):
Event: 874.481 Thread 0x0000014a21f9ea40 flushing  nmethod 0x0000014a27015c10
Event: 874.481 Thread 0x0000014a21f9ea40 flushing  nmethod 0x0000014a2701bf90
Event: 874.481 Thread 0x0000014a21f9ea40 flushing  nmethod 0x0000014a2701ce90
Event: 874.481 Thread 0x0000014a21f9ea40 flushing  nmethod 0x0000014a2701e210
Event: 874.481 Thread 0x0000014a21f9ea40 flushing  nmethod 0x0000014a27023790
Event: 874.481 Thread 0x0000014a21f9ea40 flushing  nmethod 0x0000014a2704df90
Event: 874.481 Thread 0x0000014a21f9ea40 flushing  nmethod 0x0000014a27082790
Event: 874.481 Thread 0x0000014a21f9ea40 flushing  nmethod 0x0000014a27082e90
Event: 874.481 Thread 0x0000014a21f9ea40 flushing  nmethod 0x0000014a270a7e10
Event: 874.481 Thread 0x0000014a21f9ea40 flushing  nmethod 0x0000014a270e6510
Event: 874.481 Thread 0x0000014a21f9ea40 flushing  nmethod 0x0000014a271ac390
Event: 874.481 Thread 0x0000014a21f9ea40 flushing  nmethod 0x0000014a271ba410
Event: 874.481 Thread 0x0000014a21f9ea40 flushing  nmethod 0x0000014a271c5c90
Event: 874.481 Thread 0x0000014a21f9ea40 flushing  nmethod 0x0000014a271d1590
Event: 874.481 Thread 0x0000014a21f9ea40 flushing  nmethod 0x0000014a271eaf90
Event: 874.481 Thread 0x0000014a21f9ea40 flushing  nmethod 0x0000014a27203890
Event: 874.481 Thread 0x0000014a21f9ea40 flushing  nmethod 0x0000014a2720d710
Event: 874.481 Thread 0x0000014a21f9ea40 flushing  nmethod 0x0000014a27211210
Event: 874.481 Thread 0x0000014a21f9ea40 flushing  nmethod 0x0000014a27232e90
Event: 874.481 Thread 0x0000014a21f9ea40 flushing  nmethod 0x0000014a27239690

Events (20 events):
Event: 1715.032 Thread 0x0000014a06597200 Thread exited: 0x0000014a06597200
Event: 1715.088 Thread 0x0000014a05271480 Thread exited: 0x0000014a05271480
Event: 1715.103 Thread 0x0000014a052721a0 Thread exited: 0x0000014a052721a0
Event: 1787.351 Thread 0x0000014a08febc50 Thread added: 0x0000014a06597890
Event: 1797.782 Thread 0x0000014a08feaf30 Thread added: 0x0000014a06595e50
Event: 1797.791 Thread 0x0000014a08feaf30 Thread added: 0x0000014a06596b70
Event: 1797.819 Thread 0x0000014a04051830 Thread added: 0x0000014a06bac9e0
Event: 1798.325 Thread 0x0000014a06bac9e0 Thread exited: 0x0000014a06bac9e0
Event: 1819.218 Thread 0x0000014a08fec970 Thread added: 0x0000014a06597f20
Event: 1819.220 Thread 0x0000014a06597f20 Thread added: 0x0000014a06597200
Event: 1819.226 Thread 0x0000014a06597200 Thread added: 0x0000014a065985b0
Event: 1819.454 Thread 0x0000014a06597f20 Thread added: 0x0000014a05271480
Event: 1819.455 Thread 0x0000014a065985b0 Thread exited: 0x0000014a065985b0
Event: 1819.565 Thread 0x0000014a05271480 Thread added: 0x0000014a052721a0
Event: 1819.566 Thread 0x0000014a05271480 Thread exited: 0x0000014a05271480
Event: 1831.731 Thread 0x0000014a06597200 Thread exited: 0x0000014a06597200
Event: 1857.810 Thread 0x0000014a06596b70 Thread exited: 0x0000014a06596b70
Event: 1861.733 Thread 0x0000014a06597f20 Thread exited: 0x0000014a06597f20
Event: 1890.166 Thread 0x0000014a06595130 Thread exited: 0x0000014a06595130
Event: 1891.727 Thread 0x0000014a052721a0 Thread exited: 0x0000014a052721a0


Dynamic libraries:
0x00007ff7d5590000 - 0x00007ff7d559e000 	c:\Users\Ashish\.vscode\extensions\redhat.java-1.55.0-win32-x64\jre\21.0.11-win32-x86_64\bin\java.exe
0x00007ff80fac0000 - 0x00007ff80fd26000 	C:\WINDOWS\SYSTEM32\ntdll.dll
0x00007ff80ed70000 - 0x00007ff80ee39000 	C:\WINDOWS\System32\KERNEL32.DLL
0x00007ff80cf80000 - 0x00007ff80d37e000 	C:\WINDOWS\System32\KERNELBASE.dll
0x00007ff80d390000 - 0x00007ff80d4dc000 	C:\WINDOWS\System32\ucrtbase.dll
0x00007fffc96f0000 - 0x00007fffc970e000 	c:\Users\Ashish\.vscode\extensions\redhat.java-1.55.0-win32-x64\jre\21.0.11-win32-x86_64\bin\VCRUNTIME140.dll
0x00007fffc48f0000 - 0x00007fffc4908000 	c:\Users\Ashish\.vscode\extensions\redhat.java-1.55.0-win32-x64\jre\21.0.11-win32-x86_64\bin\jli.dll
0x00007ff80eba0000 - 0x00007ff80ed67000 	C:\WINDOWS\System32\USER32.dll
0x00007ff80cf50000 - 0x00007ff80cf77000 	C:\WINDOWS\System32\win32u.dll
0x00007ff80beb0000 - 0x00007ff80c142000 	C:\WINDOWS\WinSxS\amd64_microsoft.windows.common-controls_6595b64144ccf1df_6.0.26100.8875_none_3e0d5d42e32fe9dd\COMCTL32.dll
0x00007ff80d900000 - 0x00007ff80d92b000 	C:\WINDOWS\System32\GDI32.dll
0x00007ff80e6a0000 - 0x00007ff80e749000 	C:\WINDOWS\System32\msvcrt.dll
0x00007ff80cd90000 - 0x00007ff80ceba000 	C:\WINDOWS\System32\gdi32full.dll
0x00007ff80cce0000 - 0x00007ff80cd83000 	C:\WINDOWS\System32\msvcp_win.dll
0x00007ff80f9b0000 - 0x00007ff80f9e2000 	C:\WINDOWS\System32\IMM32.DLL
0x00007ffff7950000 - 0x00007ffff795c000 	c:\Users\Ashish\.vscode\extensions\redhat.java-1.55.0-win32-x64\jre\21.0.11-win32-x86_64\bin\vcruntime140_1.dll
0x00007fff921f0000 - 0x00007fff9227d000 	c:\Users\Ashish\.vscode\extensions\redhat.java-1.55.0-win32-x64\jre\21.0.11-win32-x86_64\bin\msvcp140.dll
0x00007fff89890000 - 0x00007fff8a632000 	c:\Users\Ashish\.vscode\extensions\redhat.java-1.55.0-win32-x64\jre\21.0.11-win32-x86_64\bin\server\jvm.dll
0x00007ff80ef30000 - 0x00007ff80efe7000 	C:\WINDOWS\System32\ADVAPI32.dll
0x00007ff80e5f0000 - 0x00007ff80e69a000 	C:\WINDOWS\System32\sechost.dll
0x00007ff80f300000 - 0x00007ff80f418000 	C:\WINDOWS\System32\RPCRT4.dll
0x00007ff80f050000 - 0x00007ff80f0d0000 	C:\WINDOWS\System32\WS2_32.dll
0x00007ff80cb40000 - 0x00007ff80cb9e000 	C:\WINDOWS\SYSTEM32\POWRPROF.dll
0x00007ff80a7d0000 - 0x00007ff80a7db000 	C:\WINDOWS\SYSTEM32\VERSION.dll
0x00007ff80bad0000 - 0x00007ff80bb06000 	C:\WINDOWS\SYSTEM32\WINMM.dll
0x00007ff80cb20000 - 0x00007ff80cb34000 	C:\WINDOWS\SYSTEM32\UMPDC.dll
0x00007ff80b210000 - 0x00007ff80b22b000 	C:\WINDOWS\SYSTEM32\kernel.appcore.dll
0x00007fffef490000 - 0x00007fffef49a000 	c:\Users\Ashish\.vscode\extensions\redhat.java-1.55.0-win32-x64\jre\21.0.11-win32-x86_64\bin\jimage.dll
0x00007ff80c490000 - 0x00007ff80c6d2000 	C:\WINDOWS\SYSTEM32\DBGHELP.DLL
0x00007ff80e750000 - 0x00007ff80ead3000 	C:\WINDOWS\System32\combase.dll
0x00007ff80ee50000 - 0x00007ff80ef29000 	C:\WINDOWS\System32\OLEAUT32.dll
0x00007ff80c3f0000 - 0x00007ff80c42b000 	C:\WINDOWS\SYSTEM32\dbgcore.DLL
0x00007ff80d4f0000 - 0x00007ff80d59c000 	C:\WINDOWS\System32\bcryptPrimitives.dll
0x00007fffe9cc0000 - 0x00007fffe9ccf000 	c:\Users\Ashish\.vscode\extensions\redhat.java-1.55.0-win32-x64\jre\21.0.11-win32-x86_64\bin\instrument.dll
0x00007fffab580000 - 0x00007fffab5a0000 	c:\Users\Ashish\.vscode\extensions\redhat.java-1.55.0-win32-x64\jre\21.0.11-win32-x86_64\bin\java.dll
0x00007ff80dad0000 - 0x00007ff80e262000 	C:\WINDOWS\System32\SHELL32.dll
0x00007ff809400000 - 0x00007ff809c92000 	C:\WINDOWS\SYSTEM32\windows.storage.dll
0x00007ff80f420000 - 0x00007ff80f517000 	C:\WINDOWS\System32\SHCORE.dll
0x00007ff80e270000 - 0x00007ff80e2d7000 	C:\WINDOWS\System32\shlwapi.dll
0x00007ff80cc00000 - 0x00007ff80cc29000 	C:\WINDOWS\SYSTEM32\profapi.dll
0x00007fffab0c0000 - 0x00007fffab0d8000 	c:\Users\Ashish\.vscode\extensions\redhat.java-1.55.0-win32-x64\jre\21.0.11-win32-x86_64\bin\zip.dll
0x00007fffe9a20000 - 0x00007fffe9a30000 	C:\Users\Ashish\.vscode\extensions\redhat.java-1.55.0-win32-x64\jre\21.0.11-win32-x86_64\bin\net.dll
0x00007ff801830000 - 0x00007ff801957000 	C:\WINDOWS\SYSTEM32\WINHTTP.dll
0x00007ff80af00000 - 0x00007ff80af6c000 	C:\WINDOWS\system32\mswsock.dll
0x00007fffaaeb0000 - 0x00007fffaaec6000 	C:\Users\Ashish\.vscode\extensions\redhat.java-1.55.0-win32-x64\jre\21.0.11-win32-x86_64\bin\nio.dll
0x00007fffe9990000 - 0x00007fffe99a0000 	c:\Users\Ashish\.vscode\extensions\redhat.java-1.55.0-win32-x64\jre\21.0.11-win32-x86_64\bin\verify.dll
0x00007fff99560000 - 0x00007fff995a5000 	C:\Users\Ashish\AppData\Roaming\Code\User\globalStorage\redhat.java\1.55.0\config_win\org.eclipse.equinox.launcher\org.eclipse.equinox.launcher.win32.win32.x86_64_1.3.100.v20260613-0559\eclipse_11924.dll
0x00007ff80d930000 - 0x00007ff80dac9000 	C:\WINDOWS\System32\ole32.dll
0x00007ff80c7e0000 - 0x00007ff80c7fb000 	C:\WINDOWS\SYSTEM32\CRYPTSP.dll
0x00007ff80a930000 - 0x00007ff80a969000 	C:\WINDOWS\system32\rsaenh.dll
0x00007ff80b180000 - 0x00007ff80b1b2000 	C:\WINDOWS\SYSTEM32\USERENV.dll
0x00007ff80cbd0000 - 0x00007ff80cbfa000 	C:\WINDOWS\SYSTEM32\bcrypt.dll
0x00007ff80b270000 - 0x00007ff80b27c000 	C:\WINDOWS\SYSTEM32\CRYPTBASE.dll
0x00007ff80a350000 - 0x00007ff80a383000 	C:\WINDOWS\SYSTEM32\IPHLPAPI.DLL
0x00007ff80d8f0000 - 0x00007ff80d8fa000 	C:\WINDOWS\System32\NSI.dll
0x00007ffff38e0000 - 0x00007ffff3929000 	C:\Users\Ashish\AppData\Local\Temp\jna-1970302568\jna13917809423667894133.dll
0x00007ff80f040000 - 0x00007ff80f048000 	C:\WINDOWS\System32\PSAPI.DLL
0x00007ff8015e0000 - 0x00007ff8015fd000 	C:\WINDOWS\SYSTEM32\dhcpcsvc6.DLL
0x00007ff8015b0000 - 0x00007ff8015d5000 	C:\WINDOWS\SYSTEM32\dhcpcsvc.DLL
0x00007ffffd6d0000 - 0x00007ffffd6de000 	C:\Users\Ashish\.vscode\extensions\redhat.java-1.55.0-win32-x64\jre\21.0.11-win32-x86_64\bin\sunmscapi.dll
0x00007ff80d670000 - 0x00007ff80d7e8000 	C:\WINDOWS\System32\CRYPT32.dll
0x00007ff80bcb0000 - 0x00007ff80bce0000 	C:\WINDOWS\SYSTEM32\ncrypt.dll
0x00007ff80bc60000 - 0x00007ff80bc9f000 	C:\WINDOWS\SYSTEM32\NTASN1.dll
0x00007ff80a440000 - 0x00007ff80a596000 	C:\WINDOWS\SYSTEM32\DNSAPI.dll
0x00007ff80ad20000 - 0x00007ff80ad2d000 	C:\WINDOWS\SYSTEM32\DSPARSE.dll
0x00007ffffca90000 - 0x00007ffffca9b000 	C:\Windows\System32\rasadhlp.dll
0x00007ff801320000 - 0x00007ff8013a6000 	C:\WINDOWS\System32\fwpuclnt.dll
0x00007ffffd6c0000 - 0x00007ffffd6c9000 	C:\Users\Ashish\.vscode\extensions\redhat.java-1.55.0-win32-x64\jre\21.0.11-win32-x86_64\bin\extnet.dll
0x00007ffff5450000 - 0x00007ffff5458000 	C:\WINDOWS\system32\wshunix.dll

JVMTI agents:
c:\Users\Ashish\.vscode\extensions\redhat.java-1.55.0-win32-x64\lombok\lombok-1.18.39-4050.jar path:c:\Users\Ashish\.vscode\extensions\redhat.java-1.55.0-win32-x64\jre\21.0.11-win32-x86_64\bin\instrument.dll, loaded, initialized, instrumentlib options:none

dbghelp: loaded successfully - version: 4.0.5 - missing functions: none
symbol engine: initialized successfully - sym options: 0x614 - pdb path: .;c:\Users\Ashish\.vscode\extensions\redhat.java-1.55.0-win32-x64\jre\21.0.11-win32-x86_64\bin;C:\WINDOWS\SYSTEM32;C:\WINDOWS\WinSxS\amd64_microsoft.windows.common-controls_6595b64144ccf1df_6.0.26100.8875_none_3e0d5d42e32fe9dd;c:\Users\Ashish\.vscode\extensions\redhat.java-1.55.0-win32-x64\jre\21.0.11-win32-x86_64\bin\server;C:\Users\Ashish\AppData\Roaming\Code\User\globalStorage\redhat.java\1.55.0\config_win\org.eclipse.equinox.launcher\org.eclipse.equinox.launcher.win32.win32.x86_64_1.3.100.v20260613-0559;C:\Users\Ashish\AppData\Local\Temp\jna-1970302568

VM Arguments:
jvm_args: --add-modules=ALL-SYSTEM --add-opens=java.base/java.util=ALL-UNNAMED --add-opens=java.base/java.lang=ALL-UNNAMED --add-opens=java.base/sun.nio.fs=ALL-UNNAMED -Declipse.application=org.eclipse.jdt.ls.core.id1 -Dosgi.bundles.defaultStartLevel=4 -Declipse.product=org.eclipse.jdt.ls.core.product -Djava.import.generatesMetadataFilesAtProjectRoot=false -DDetectVMInstallationsJob.disabled=true -Dfile.encoding=utf8 -XX:+UseParallelGC -XX:GCTimeRatio=4 -XX:AdaptiveSizePolicyWeight=90 -Dsun.zip.disableMemoryMapping=true -Xmx2G -Xms100m -Xlog:disable -javaagent:c:\Users\Ashish\.vscode\extensions\redhat.java-1.55.0-win32-x64\lombok\lombok-1.18.39-4050.jar -XX:+HeapDumpOnOutOfMemoryError -XX:HeapDumpPath=c:\Users\Ashish\AppData\Roaming\Code\User\workspaceStorage\ebd440f8c56925e274bdb162eb3e33de\redhat.java -Daether.dependencyCollector.impl=bf 
java_command: c:\Users\Ashish\.vscode\extensions\redhat.java-1.55.0-win32-x64\server\plugins\org.eclipse.equinox.launcher_1.7.200.v20260619-2039.jar -configuration c:\Users\Ashish\AppData\Roaming\Code\User\globalStorage\redhat.java\1.55.0\config_win -data c:\Users\Ashish\AppData\Roaming\Code\User\workspaceStorage\ebd440f8c56925e274bdb162eb3e33de\redhat.java\jdt_ws --pipe=\\.\pipe\lsp-8c0757d50aa2ab5ed662c748cec40af0-sock
java_class_path (initial): c:\Users\Ashish\.vscode\extensions\redhat.java-1.55.0-win32-x64\server\plugins\org.eclipse.equinox.launcher_1.7.200.v20260619-2039.jar
Launcher Type: SUN_STANDARD

[Global flags]
    uintx AdaptiveSizePolicyWeight                 = 90                                        {product} {command line}
     intx CICompilerCount                          = 4                                         {product} {ergonomic}
    uintx GCTimeRatio                              = 4                                         {product} {command line}
     bool HeapDumpOnOutOfMemoryError               = true                                   {manageable} {command line}
    ccstr HeapDumpPath                             = c:\Users\Ashish\AppData\Roaming\Code\User\workspaceStorage\ebd440f8c56925e274bdb162eb3e33de\redhat.java         {manageable} {command line}
   size_t InitialHeapSize                          = 104857600                                 {product} {command line}
   size_t MaxHeapSize                              = 2147483648                                {product} {command line}
   size_t MaxNewSize                               = 715653120                                 {product} {ergonomic}
   size_t MinHeapDeltaBytes                        = 524288                                    {product} {ergonomic}
   size_t MinHeapSize                              = 104857600                                 {product} {command line}
   size_t NewSize                                  = 34603008                                  {product} {ergonomic}
    uintx NonNMethodCodeHeapSize                   = 5839372                                {pd product} {ergonomic}
    uintx NonProfiledCodeHeapSize                  = 122909434                              {pd product} {ergonomic}
   size_t OldSize                                  = 70254592                                  {product} {ergonomic}
    uintx ProfiledCodeHeapSize                     = 122909434                              {pd product} {ergonomic}
    uintx ReservedCodeCacheSize                    = 251658240                              {pd product} {ergonomic}
     bool SegmentedCodeCache                       = true                                      {product} {ergonomic}
   size_t SoftMaxHeapSize                          = 2147483648                             {manageable} {ergonomic}
     bool UseCompressedOops                        = true                           {product lp64_product} {ergonomic}
     bool UseLargePagesIndividualAllocation        = false                                  {pd product} {ergonomic}
     bool UseParallelGC                            = true                                      {product} {command line}

Logging:
Log output configuration:
 #0: stdout all=off uptime,level,tags foldmultilines=false
 #1: stderr all=off uptime,level,tags foldmultilines=false

Release file:
JAVA_VERSION="21.0.11" 
MODULES="java.base java.compiler java.datatransfer java.xml java.prefs java.desktop java.instrument java.logging java.management java.security.sasl java.naming java.rmi java.management.rmi java.net.http java.scripting java.security.jgss java.transaction.xa java.sql java.sql.rowset java.xml.crypto java.se java.smartcardio jdk.accessibility jdk.internal.jvmstat jdk.attach jdk.charsets jdk.internal.opt jdk.zipfs jdk.compiler jdk.crypto.ec jdk.crypto.cryptoki jdk.crypto.mscapi jdk.dynalink jdk.internal.ed jdk.editpad jdk.hotspot.agent jdk.httpserver jdk.internal.le jdk.internal.vm.ci jdk.internal.vm.compiler jdk.internal.vm.compiler.management jdk.jartool jdk.javadoc jdk.jcmd jdk.management jdk.management.agent jdk.jconsole jdk.jdeps jdk.jdwp.agent jdk.jdi jdk.jfr jdk.jshell jdk.jsobject jdk.jstatd jdk.localedata jdk.management.jfr jdk.naming.dns jdk.naming.rmi jdk.net jdk.nio.mapmode jdk.random jdk.sctp jdk.security.auth jdk.security.jgss jdk.unsupported jdk.unsupported.desktop jdk.xml.dom" 

Environment Variables:
JAVA_HOME=C:\Program Files\Java\jdk-17\
PATH=C:\Program Files\Java\jdk-17\bin;C:\Program Files\Common Files\Oracle\Java\javapath;C:\Program Files\Eclipse Adoptium\jdk-17.0.19.10-hotspot\bin;C:\WINDOWS\system32;C:\WINDOWS;C:\WINDOWS\System32\Wbem;C:\WINDOWS\System32\WindowsPowerShell\v1.0\;C:\WINDOWS\System32\OpenSSH\;C:\Program Files\Git\cmd;C:\Program Files\apache-maven-3.9.16\bin;C:\Program Files\Java\jdk-17\bin;C:\Users\Ashish\AppData\Local\Microsoft\WindowsApps;C:\Users\Ashish\AppData\Local\Python\bin;C:\Users\Ashish\AppData\Local\Programs\Microsoft VS Code\bin;C:\Program Files\apache-maven-3.9.16\bin;
USERNAME=Ashish
OS=Windows_NT
PROCESSOR_IDENTIFIER=Intel64 Family 6 Model 154 Stepping 3, GenuineIntel
TMP=C:\Users\Ashish\AppData\Local\Temp
TEMP=C:\Users\Ashish\AppData\Local\Temp




Periodic native trim disabled

---------------  S Y S T E M  ---------------

OS:
 Windows 11 , 64 bit Build 26100 (10.0.26100.8875)
OS uptime: 2 days 15:28 hours
Hyper-V role detected

CPU: total 12 (initial active 12) (6 cores per cpu, 2 threads per core) family 6 model 154 stepping 3 microcode 0x430, cx8, cmov, fxsr, ht, mmx, 3dnowpref, sse, sse2, sse3, ssse3, sse4.1, sse4.2, popcnt, lzcnt, tsc, tscinvbit, avx, avx2, aes, erms, clmul, bmi1, bmi2, adx, sha, fma, vzeroupper, clflush, clflushopt, clwb, hv, serialize, rdtscp, rdpid, fsrm, f16c, cet_ibt, cet_ss
Processor Information for processor 0
  Max Mhz: 2000, Current Mhz: 2000, Mhz Limit: 2000
Processor Information for processor 1
  Max Mhz: 2000, Current Mhz: 2000, Mhz Limit: 2000
Processor Information for processor 2
  Max Mhz: 2000, Current Mhz: 2000, Mhz Limit: 2000
Processor Information for processor 3
  Max Mhz: 2000, Current Mhz: 2000, Mhz Limit: 2000
Processor Information for processor 4
  Max Mhz: 2000, Current Mhz: 2000, Mhz Limit: 2000
Processor Information for processor 5
  Max Mhz: 2000, Current Mhz: 2000, Mhz Limit: 2000
Processor Information for processor 6
  Max Mhz: 2000, Current Mhz: 2000, Mhz Limit: 2000
Processor Information for processor 7
  Max Mhz: 2000, Current Mhz: 2000, Mhz Limit: 2000
Processor Information for processor 8
  Max Mhz: 2000, Current Mhz: 1500, Mhz Limit: 1500
Processor Information for processor 9
  Max Mhz: 2000, Current Mhz: 1500, Mhz Limit: 1500
Processor Information for processor 10
  Max Mhz: 2000, Current Mhz: 1500, Mhz Limit: 1500
Processor Information for processor 11
  Max Mhz: 2000, Current Mhz: 1500, Mhz Limit: 1500

Memory: 4k page, system-wide physical 16071M (6663M free)
TotalPageFile size 17095M (AvailPageFile size 4921M)
current process WorkingSet (physical memory assigned to process): 1625M, peak: 1627M
current process commit charge ("private bytes"): 1689M, peak: 1690M

vm_info: OpenJDK 64-Bit Server VM (21.0.11+10-LTS) for windows-amd64 JRE (21.0.11+10-LTS), built on 2026-04-21T00:00:00Z by "admin" with MS VC++ 17.12 (VS2022)

END.
